chr1	11868	14409	ENST00000456328	.	+
chr1	11871	14412	ENST00000515242	.	+
chr1	11873	14409	ENST00000518655	.	+
chr1	12009	13670	ENST00000450305	.	+
chr1	14362	24886	ENST00000541675	.	-
chr1	14362	29370	ENST00000423562	.	-
chr1	14362	29370	ENST00000438504	.	-
chr1	14403	29570	ENST00000488147	.	-
chr2	38813	46385	ENST00000327669	.	-
chr2	41219	42952	ENST00000460464	.	-
chr2	41220	46870	ENST00000461026	.	-
chr2	197568	202605	ENST00000437798	.	+
chr2	217729	218866	ENST00000460974	.	-
chr2	218135	264032	ENST00000403712	.	-
chr2	218137	242800	ENST00000415006	.	-
chr2	218148	264392	ENST00000463865	.	-
chr2	218150	261323	ENST00000403657	.	-
chr2	218152	262786	ENST00000473104	.	-
